Status: 200
Body: {"user_id":"user_9201kqkphnyefagt8aj3cam4q2yr","subscription":{"tier":"free","character_count":4636,"character_limit":10000,"max_character_limit_extension":0,"max_credit_limit_extension":0,"can_extend_character_limit":false,"allowed_to_extend_character_limit":false,"next_character_count_reset_unix":1780339101,"voice_slots_used":0,"professional_voice_slots_used":0,"voice_limit":3,"max_voice_add_edits":54,"voice_add_edit_counter":0,"professional_voice_limit":0,"can_extend_voice_limit":false,"can_use_instant_voice_cloning":false,"can_use_professional_voice_cloning":false,"currency":"usd","current_overage":{"amount":"0","currency":"usd"},"status":"free","billing_period":"monthly_period","character_refresh_period":"monthly_period"},"subscription_extras":null,"is_new_user":true,"xi_api_key":null,"can_use_delayed_payment_methods":false,"is_onboarding_completed":true,"is_onboarding_checklist_completed":false,"show_compliance_terms":false,"first_name":"Raj anand","is_api_key_hashed":false,"xi_api_key_preview":null,"referral_link_code":null,"partnerstack_partner_default_link":null,"created_at":1777703901,"seat_type":"workspace_admin"}